// Jest Snapshot v1, https://goo.gl/fbAQLP

exports[`balance-item component 1`] = `
<DocumentFragment>
  .emotion-1 {
  display: -webkit-box;
  display: -webkit-flex;
  display: -ms-flexbox;
  display: flex;
  -webkit-flex-direction: row;
  -ms-flex-direction: row;
  flex-direction: row;
  -webkit-align-items: center;
  -webkit-box-align: center;
  -ms-flex-align: center;
  align-items: center;
  width: 300px;
  margin: 2em 0;
}

.emotion-0 {
  display: -webkit-box;
  display: -webkit-flex;
  display: -ms-flexbox;
  display: flex;
  -webkit-flex-direction: column;
  -ms-flex-direction: column;
  flex-direction: column;
  margin-left: 15px;
  font-size: 1.05em;
  -webkit-letter-spacing: 1px;
  -moz-letter-spacing: 1px;
  -ms-letter-spacing: 1px;
  letter-spacing: 1px;
  height: 64px;
  -webkit-box-pack: space-around;
  -webkit-justify-content: space-around;
  -ms-flex-pack: space-around;
  justify-content: space-around;
}

<section
    class="emotion-1"
  >
    <img
      alt="Categoria 1"
    />
    <div
      class="emotion-0"
    >
      <span>
        Categoria 1 Category
      </span>
      <span>
        $ 34.6
      </span>
    </div>
  </section>
</DocumentFragment>
`;
